// Jest Snapshot v1, https://goo.gl/fbAQLP

exports[`Layout renders correctly with set description 1`] = `
<div
  className="container"
>
  <header
    className="mainheader"
  >
    <a
      className="mainheader__mainlink"
      href="/"
    />
    0
  </header>
  <main>
    hello world
  </main>
</div>
`;

exports[`Layout renders correctly without set description 1`] = `
<div
  className="container"
>
  <header
    className="mainheader"
  >
    <a
      className="mainheader__mainlink"
      href="/"
    />
    0
  </header>
  <main>
    hello world
  </main>
</div>
`;
